// Jest Snapshot v1, https://goo.gl/fbAQLP

exports[`Footer component 1`] = `
<DocumentFragment>
  <div
    class="footerContainer"
  >
    <div
      class="circlesContainer"
    >
      <div
        class="circle "
      />
      <div
        class="circle "
      />
      <div
        class="circle "
      />
      <div
        class="circle "
      />
      <div
        class="circle "
      />
      <div />
    </div>
    <div
      class="arrowsContainer"
    >
      <div
        class="leftButton"
      >
        <button
          class="button"
        >
          <img
            class="arrowsSVG"
            src="[object Object]"
          />
        </button>
      </div>
      <div
        class="rightButton"
      >
        <button
          class="button"
        >
          <img
            class="arrowsSVG"
            src="[object Object]"
          />
        </button>
      </div>
    </div>
  </div>
</DocumentFragment>
`;
